// Jest Snapshot v1, https://goo.gl/fbAQLP

exports[`it renders and matches snapshot 1`] = `
<div>
  <button
    aria-label="Open Drop"
    class="Select__StyledSelectDropButton-sc-17idtfo-1 fcNjcL StyledButton-sc-323bzc-0 jfbKsv"
    type="button"
  >
    <div
      class="StyledBox-sc-13pk1d4-0 erazuK"
    >
      <div
        class="StyledBox-sc-13pk1d4-0 XINUX"
      >
        <div
          class="StyledTextInput__StyledTextInputContainer-sc-1x30a0s-1 kYQCpm"
        >
          <input
            autocomplete="off"
            class="Select__SelectTextInput-sc-17idtfo-0 lmyIUy StyledTextInput-sc-1x30a0s-0 duvNfq"
            label="Select"
            readonly=""
            tabindex="-1"
            type="text"
            value=""
          />
        </div>
      </div>
      <div
        class="StyledBox-sc-13pk1d4-0 eLQtUu"
        style="min-width: auto;"
      >
        <svg
          aria-label="FormDown"
          class="StyledIcon-ofa7kd-0 dSllCE"
          viewBox="0 0 24 24"
        >
          <polyline
            fill="none"
            points="18 9 12 15 6 9"
            stroke="#000"
            stroke-width="2"
          />
        </svg>
      </div>
    </div>
  </button>
</div>
`;
