// Jest Snapshot v1, https://goo.gl/fbAQLP

exports[`it renders and matches snapshot 1`] = `
<div>
  <span>
    <div>
      <p>
        0
      </p>
      <button
        class="StyledButton-sc-323bzc-0 kHrfdt"
        type="button"
      />
    </div>
  </span>
</div>
`;
