// Jest Snapshot v1, https://goo.gl/fbAQLP

exports[`it renders and matches snapshot 1`] = `
.c0 {
  font-size: 18px;
  line-height: 24px;
  box-sizing: border-box;
  -webkit-text-size-adjust: 100%;
  -ms-text-size-adjust: 100%;
  -moz-osx-font-smoothing: grayscale;
  -webkit-font-smoothing: antialiased;
}

<div>
  <div
    class="c0"
  >
    <h1>
      Test
    </h1>
  </div>
</div>
`;
