// Jest Snapshot v1, https://goo.gl/fbAQLP

exports[`it renders and matches snapshot 1`] = `
<div>
  <button
    aria-label="Open Menu"
    class="StyledButton-sc-323bzc-0 jfbKsv"
    type="button"
  >
    <div
      class="StyledBox-sc-13pk1d4-0 lgRCHI"
    >
      <span
        class="StyledText-sc-1sadyjn-0 fWSbXS"
      />
      <svg
        aria-label="FormDown"
        class="StyledIcon-ofa7kd-0 dSllCE"
        viewBox="0 0 24 24"
      >
        <polyline
          fill="none"
          points="18 9 12 15 6 9"
          stroke="#000"
          stroke-width="2"
        />
      </svg>
    </div>
  </button>
</div>
`;
