// Jest Snapshot v1, https://goo.gl/fbAQLP

exports[`it renders and matches snapshot 1`] = `
<div>
  <h5
    class="StyledHeading-sc-1rdh4aw-0 ERfVz"
  />
</div>
`;
