// Jest Snapshot v1, https://goo.gl/fbAQLP

exports[`RadioButton checked renders 1`] = `
.c2 {
  display: -webkit-box;
  display: -webkit-flex;
  display: -ms-flexbox;
  display: flex;
  box-sizing: border-box;
  outline: none;
  max-width: 100%;
  margin: 0px;
  -webkit-align-items: center;
  -webkit-box-align: center;
  -ms-flex-align: center;
  align-items: center;
  min-width: 0;
  min-height: 0;
  -webkit-flex-direction: row;
  -ms-flex-direction: row;
  flex-direction: row;
  padding: 0px;
}

.c3 {
  display: -webkit-box;
  display: -webkit-flex;
  display: -ms-flexbox;
  display: flex;
  box-sizing: border-box;
  outline: none;
  max-width: 100%;
  margin-right: 12px;
  min-width: 0;
  min-height: 0;
  -webkit-flex-direction: column;
  -ms-flex-direction: column;
  flex-direction: column;
  padding: 0px;
}

.c5 {
  display: -webkit-box;
  display: -webkit-flex;
  display: -ms-flexbox;
  display: flex;
  box-sizing: border-box;
  outline: none;
  max-width: 100%;
  margin: 0px;
  height: 24px;
  width: 24px;
  -webkit-align-items: center;
  -webkit-box-align: center;
  -ms-flex-align: center;
  align-items: center;
  border: solid 2px #7D4CDB;
  min-width: 0;
  min-height: 0;
  -webkit-flex-direction: column;
  -ms-flex-direction: column;
  flex-direction: column;
  -webkit-box-pack: center;
  -webkit-justify-content: center;
  -ms-flex-pack: center;
  justify-content: center;
  padding: 0px;
  border-radius: 100%;
}

.c0 {
  font-size: 18px;
  line-height: 24px;
  box-sizing: border-box;
  -webkit-text-size-adjust: 100%;
  -ms-text-size-adjust: 100%;
  -moz-osx-font-smoothing: grayscale;
  -webkit-font-smoothing: antialiased;
}

.c1 {
  -webkit-user-select: none;
  -moz-user-select: none;
  -ms-user-select: none;
  user-select: none;
  cursor: pointer;
}

.c1:hover input:not([disabled]) + div,
.c1:hover input:not([disabled]) + span {
  border-color: #000000;
}

.c4 {
  opacity: 0;
  -moz-appearance: none;
  width: 0;
  height: 0;
  margin: 0;
  cursor: pointer;
}

.c6 {
  box-sizing: border-box;
  width: 24px;
  height: 24px;
  fill: #7D4CDB;
}

@media only screen and (max-width:768px) {
  .c2 {
    margin: 0px;
  }
}

@media only screen and (max-width:768px) {
  .c2 {
    padding: 0px;
  }
}

@media only screen and (max-width:768px) {
  .c3 {
    margin-right: 6px;
  }
}

@media only screen and (max-width:768px) {
  .c3 {
    padding: 0px;
  }
}

@media only screen and (max-width:768px) {
  .c5 {
    margin: 0px;
  }
}

@media only screen and (max-width:768px) {
  .c5 {
    border: solid 2px #7D4CDB;
  }
}

@media only screen and (max-width:768px) {
  .c5 {
    padding: 0px;
  }
}

<div
  className="c0"
>
  <label
    className="c1 c2"
    onClick={[Function]}
  >
    <div
      className="c3"
    >
      <input
        checked={true}
        className="c4"
        name="test checked"
        type="radio"
      />
      <div
        className="c5"
      >
        <svg
          className="c6"
          preserveAspectRatio="xMidYMid meet"
          viewBox="0 0 24 24"
        >
          <circle
            cx={12}
            cy={12}
            r={6}
          />
        </svg>
      </div>
    </div>
  </label>
</div>
`;

exports[`RadioButton disabled renders 1`] = `
.c2 {
  display: -webkit-box;
  display: -webkit-flex;
  display: -ms-flexbox;
  display: flex;
  box-sizing: border-box;
  outline: none;
  max-width: 100%;
  margin: 0px;
  -webkit-align-items: center;
  -webkit-box-align: center;
  -ms-flex-align: center;
  align-items: center;
  min-width: 0;
  min-height: 0;
  -webkit-flex-direction: row;
  -ms-flex-direction: row;
  flex-direction: row;
  padding: 0px;
}

.c3 {
  display: -webkit-box;
  display: -webkit-flex;
  display: -ms-flexbox;
  display: flex;
  box-sizing: border-box;
  outline: none;
  max-width: 100%;
  margin-right: 12px;
  min-width: 0;
  min-height: 0;
  -webkit-flex-direction: column;
  -ms-flex-direction: column;
  flex-direction: column;
  padding: 0px;
}

.c5 {
  display: -webkit-box;
  display: -webkit-flex;
  display: -ms-flexbox;
  display: flex;
  box-sizing: border-box;
  outline: none;
  max-width: 100%;
  margin: 0px;
  height: 24px;
  width: 24px;
  -webkit-align-items: center;
  -webkit-box-align: center;
  -ms-flex-align: center;
  align-items: center;
  border: solid 2px rgba(0,0,0,0.15);
  min-width: 0;
  min-height: 0;
  -webkit-flex-direction: column;
  -ms-flex-direction: column;
  flex-direction: column;
  -webkit-box-pack: center;
  -webkit-justify-content: center;
  -ms-flex-pack: center;
  justify-content: center;
  padding: 0px;
  border-radius: 100%;
}

.c6 {
  display: -webkit-box;
  display: -webkit-flex;
  display: -ms-flexbox;
  display: flex;
  box-sizing: border-box;
  outline: none;
  max-width: 100%;
  margin: 0px;
  height: 24px;
  width: 24px;
  -webkit-align-items: center;
  -webkit-box-align: center;
  -ms-flex-align: center;
  align-items: center;
  border: solid 2px #7D4CDB;
  min-width: 0;
  min-height: 0;
  -webkit-flex-direction: column;
  -ms-flex-direction: column;
  flex-direction: column;
  -webkit-box-pack: center;
  -webkit-justify-content: center;
  -ms-flex-pack: center;
  justify-content: center;
  padding: 0px;
  border-radius: 100%;
}

.c0 {
  font-size: 18px;
  line-height: 24px;
  box-sizing: border-box;
  -webkit-text-size-adjust: 100%;
  -ms-text-size-adjust: 100%;
  -moz-osx-font-smoothing: grayscale;
  -webkit-font-smoothing: antialiased;
}

.c1 {
  -webkit-user-select: none;
  -moz-user-select: none;
  -ms-user-select: none;
  user-select: none;
  opacity: 0.5;
  cursor: default;
}

.c1:hover input:not([disabled]) + div,
.c1:hover input:not([disabled]) + span {
  border-color: #000000;
}

.c4 {
  opacity: 0;
  -moz-appearance: none;
  width: 0;
  height: 0;
  margin: 0;
}

.c7 {
  box-sizing: border-box;
  width: 24px;
  height: 24px;
  fill: #7D4CDB;
}

@media only screen and (max-width:768px) {
  .c2 {
    margin: 0px;
  }
}

@media only screen and (max-width:768px) {
  .c2 {
    padding: 0px;
  }
}

@media only screen and (max-width:768px) {
  .c3 {
    margin-right: 6px;
  }
}

@media only screen and (max-width:768px) {
  .c3 {
    padding: 0px;
  }
}

@media only screen and (max-width:768px) {
  .c5 {
    margin: 0px;
  }
}

@media only screen and (max-width:768px) {
  .c5 {
    border: solid 2px rgba(0,0,0,0.15);
  }
}

@media only screen and (max-width:768px) {
  .c5 {
    padding: 0px;
  }
}

@media only screen and (max-width:768px) {
  .c6 {
    margin: 0px;
  }
}

@media only screen and (max-width:768px) {
  .c6 {
    border: solid 2px #7D4CDB;
  }
}

@media only screen and (max-width:768px) {
  .c6 {
    padding: 0px;
  }
}

<div
  className="c0"
>
  <label
    className="c1 c2"
    disabled={true}
    onClick={[Function]}
  >
    <div
      className="c3"
    >
      <input
        className="c4"
        disabled={true}
        name="test disabled"
        type="radio"
      />
      <div
        className="c5"
      />
    </div>
  </label>
  <label
    className="c1 c2"
    disabled={true}
    onClick={[Function]}
  >
    <div
      className="c3"
    >
      <input
        checked={true}
        className="c4"
        disabled={true}
        name="test checked disabled"
        type="radio"
      />
      <div
        className="c6"
      >
        <svg
          className="c7"
          preserveAspectRatio="xMidYMid meet"
          viewBox="0 0 24 24"
        >
          <circle
            cx={12}
            cy={12}
            r={6}
          />
        </svg>
      </div>
    </div>
  </label>
</div>
`;

exports[`RadioButton label renders 1`] = `
.c2 {
  display: -webkit-box;
  display: -webkit-flex;
  display: -ms-flexbox;
  display: flex;
  box-sizing: border-box;
  outline: none;
  max-width: 100%;
  margin: 0px;
  -webkit-align-items: center;
  -webkit-box-align: center;
  -ms-flex-align: center;
  align-items: center;
  min-width: 0;
  min-height: 0;
  -webkit-flex-direction: row;
  -ms-flex-direction: row;
  flex-direction: row;
  padding: 0px;
}

.c3 {
  display: -webkit-box;
  display: -webkit-flex;
  display: -ms-flexbox;
  display: flex;
  box-sizing: border-box;
  outline: none;
  max-width: 100%;
  margin-right: 12px;
  min-width: 0;
  min-height: 0;
  -webkit-flex-direction: column;
  -ms-flex-direction: column;
  flex-direction: column;
  padding: 0px;
}

.c5 {
  display: -webkit-box;
  display: -webkit-flex;
  display: -ms-flexbox;
  display: flex;
  box-sizing: border-box;
  outline: none;
  max-width: 100%;
  margin: 0px;
  height: 24px;
  width: 24px;
  -webkit-align-items: center;
  -webkit-box-align: center;
  -ms-flex-align: center;
  align-items: center;
  border: solid 2px rgba(0,0,0,0.15);
  min-width: 0;
  min-height: 0;
  -webkit-flex-direction: column;
  -ms-flex-direction: column;
  flex-direction: column;
  -webkit-box-pack: center;
  -webkit-justify-content: center;
  -ms-flex-pack: center;
  justify-content: center;
  padding: 0px;
  border-radius: 100%;
}

.c0 {
  font-size: 18px;
  line-height: 24px;
  box-sizing: border-box;
  -webkit-text-size-adjust: 100%;
  -ms-text-size-adjust: 100%;
  -moz-osx-font-smoothing: grayscale;
  -webkit-font-smoothing: antialiased;
}

.c1 {
  -webkit-user-select: none;
  -moz-user-select: none;
  -ms-user-select: none;
  user-select: none;
  cursor: pointer;
}

.c1:hover input:not([disabled]) + div,
.c1:hover input:not([disabled]) + span {
  border-color: #000000;
}

.c4 {
  opacity: 0;
  -moz-appearance: none;
  width: 0;
  height: 0;
  margin: 0;
  cursor: pointer;
}

@media only screen and (max-width:768px) {
  .c2 {
    margin: 0px;
  }
}

@media only screen and (max-width:768px) {
  .c2 {
    padding: 0px;
  }
}

@media only screen and (max-width:768px) {
  .c3 {
    margin-right: 6px;
  }
}

@media only screen and (max-width:768px) {
  .c3 {
    padding: 0px;
  }
}

@media only screen and (max-width:768px) {
  .c5 {
    margin: 0px;
  }
}

@media only screen and (max-width:768px) {
  .c5 {
    border: solid 2px rgba(0,0,0,0.15);
  }
}

@media only screen and (max-width:768px) {
  .c5 {
    padding: 0px;
  }
}

<div
  className="c0"
>
  <label
    className="c1 c2"
    onClick={[Function]}
  >
    <div
      className="c3"
    >
      <input
        className="c4"
        name="test label"
        type="radio"
      />
      <div
        className="c5"
      />
    </div>
    <span>
      test label
    </span>
  </label>
  <label
    className="c1 c2"
    onClick={[Function]}
  >
    <div
      className="c3"
    >
      <input
        className="c4"
        name="test div label"
        type="radio"
      />
      <div
        className="c5"
      />
    </div>
    <div>
      test label
    </div>
  </label>
</div>
`;

exports[`RadioButton renders 1`] = `
.c2 {
  display: -webkit-box;
  display: -webkit-flex;
  display: -ms-flexbox;
  display: flex;
  box-sizing: border-box;
  outline: none;
  max-width: 100%;
  margin: 0px;
  -webkit-align-items: center;
  -webkit-box-align: center;
  -ms-flex-align: center;
  align-items: center;
  min-width: 0;
  min-height: 0;
  -webkit-flex-direction: row;
  -ms-flex-direction: row;
  flex-direction: row;
  padding: 0px;
}

.c3 {
  display: -webkit-box;
  display: -webkit-flex;
  display: -ms-flexbox;
  display: flex;
  box-sizing: border-box;
  outline: none;
  max-width: 100%;
  margin-right: 12px;
  min-width: 0;
  min-height: 0;
  -webkit-flex-direction: column;
  -ms-flex-direction: column;
  flex-direction: column;
  padding: 0px;
}

.c5 {
  display: -webkit-box;
  display: -webkit-flex;
  display: -ms-flexbox;
  display: flex;
  box-sizing: border-box;
  outline: none;
  max-width: 100%;
  margin: 0px;
  height: 24px;
  width: 24px;
  -webkit-align-items: center;
  -webkit-box-align: center;
  -ms-flex-align: center;
  align-items: center;
  border: solid 2px rgba(0,0,0,0.15);
  min-width: 0;
  min-height: 0;
  -webkit-flex-direction: column;
  -ms-flex-direction: column;
  flex-direction: column;
  -webkit-box-pack: center;
  -webkit-justify-content: center;
  -ms-flex-pack: center;
  justify-content: center;
  padding: 0px;
  border-radius: 100%;
}

.c0 {
  font-size: 18px;
  line-height: 24px;
  box-sizing: border-box;
  -webkit-text-size-adjust: 100%;
  -ms-text-size-adjust: 100%;
  -moz-osx-font-smoothing: grayscale;
  -webkit-font-smoothing: antialiased;
}

.c1 {
  -webkit-user-select: none;
  -moz-user-select: none;
  -ms-user-select: none;
  user-select: none;
  cursor: pointer;
}

.c1:hover input:not([disabled]) + div,
.c1:hover input:not([disabled]) + span {
  border-color: #000000;
}

.c4 {
  opacity: 0;
  -moz-appearance: none;
  width: 0;
  height: 0;
  margin: 0;
  cursor: pointer;
}

@media only screen and (max-width:768px) {
  .c2 {
    margin: 0px;
  }
}

@media only screen and (max-width:768px) {
  .c2 {
    padding: 0px;
  }
}

@media only screen and (max-width:768px) {
  .c3 {
    margin-right: 6px;
  }
}

@media only screen and (max-width:768px) {
  .c3 {
    padding: 0px;
  }
}

@media only screen and (max-width:768px) {
  .c5 {
    margin: 0px;
  }
}

@media only screen and (max-width:768px) {
  .c5 {
    border: solid 2px rgba(0,0,0,0.15);
  }
}

@media only screen and (max-width:768px) {
  .c5 {
    padding: 0px;
  }
}

<div
  className="c0"
>
  <label
    className="c1 c2"
    onClick={[Function]}
  >
    <div
      className="c3"
    >
      <input
        className="c4"
        name="test empty"
        type="radio"
      />
      <div
        className="c5"
      />
    </div>
  </label>
  <label
    className="c1 c2"
    htmlFor="test id"
    onClick={[Function]}
  >
    <div
      className="c3"
    >
      <input
        className="c4"
        id="test id"
        name="test name"
        type="radio"
      />
      <div
        className="c5"
      />
    </div>
  </label>
</div>
`;
