// Jest Snapshot v1, https://goo.gl/fbAQLP

exports[`it renders and matches snapshot 1`] = `
<div>
  <div
    class="StyledBox-sc-13pk1d4-0 exStsB"
  >
    <svg
      aria-label="Search"
      class="StyledIcon-ofa7kd-0 jjEuVO"
      viewBox="0 0 24 24"
    >
      <path
        d="M15,15 L22,22 L15,15 Z M9.5,17 C13.6421356,17 17,13.6421356 17,9.5 C17,5.35786438 13.6421356,2 9.5,2 C5.35786438,2 2,5.35786438 2,9.5 C2,13.6421356 5.35786438,17 9.5,17 Z"
        fill="none"
        stroke="#000"
        stroke-width="2"
      />
    </svg>
    <div
      class="StyledTextInput__StyledTextInputContainer-sc-1x30a0s-1 kYQCpm"
    >
      <input
        autocomplete="off"
        class="StyledTextInput-sc-1x30a0s-0 duvNfq"
        placeholder="Type something..."
        type="search"
        value=""
      />
    </div>
  </div>
</div>
`;
