// Jest Snapshot v1, https://goo.gl/fbAQLP

exports[`it renders and matches snapshot 1`] = `
<div>
  <div
    class="StyledTextInput__StyledTextInputContainer-sc-1x30a0s-1 kYQCpm"
  >
    <input
      autocomplete="off"
      class="StyledTextInput-sc-1x30a0s-0 kvYrcH"
      value=""
    />
  </div>
</div>
`;
