// Jest Snapshot v1, https://goo.gl/fbAQLP

exports[`renders 1`] = `
.c1 {
  font-size: 18px;
  line-height: 24px;
}

.c0 {
  font-size: 18px;
  line-height: 24px;
  box-sizing: border-box;
  -webkit-text-size-adjust: 100%;
  -ms-text-size-adjust: 100%;
  -moz-osx-font-smoothing: grayscale;
  -webkit-font-smoothing: antialiased;
}

<div
  className="c0"
>
  <span
    className="c1"
  >
    text
  </span>
</div>
`;

exports[`renders color 1`] = `
.c1 {
  font-size: 18px;
  line-height: 24px;
  color: #FF4040;
}

.c0 {
  font-size: 18px;
  line-height: 24px;
  box-sizing: border-box;
  -webkit-text-size-adjust: 100%;
  -ms-text-size-adjust: 100%;
  -moz-osx-font-smoothing: grayscale;
  -webkit-font-smoothing: antialiased;
}

<div
  className="c0"
>
  <span
    className="c1"
  />
</div>
`;

exports[`renders margin 1`] = `
.c1 {
  margin: 12px;
  font-size: 18px;
  line-height: 24px;
}

.c2 {
  margin: 24px;
  font-size: 18px;
  line-height: 24px;
}

.c3 {
  margin: 48px;
  font-size: 18px;
  line-height: 24px;
}

.c4 {
  margin: 0px;
  font-size: 18px;
  line-height: 24px;
}

.c5 {
  margin-top: 12px;
  margin-bottom: 12px;
  font-size: 18px;
  line-height: 24px;
}

.c6 {
  margin-left: 12px;
  margin-right: 12px;
  font-size: 18px;
  line-height: 24px;
}

.c7 {
  margin-bottom: 12px;
  font-size: 18px;
  line-height: 24px;
}

.c8 {
  margin-top: 12px;
  font-size: 18px;
  line-height: 24px;
}

.c9 {
  margin-left: 12px;
  font-size: 18px;
  line-height: 24px;
}

.c10 {
  margin-right: 12px;
  font-size: 18px;
  line-height: 24px;
}

.c0 {
  font-size: 18px;
  line-height: 24px;
  box-sizing: border-box;
  -webkit-text-size-adjust: 100%;
  -ms-text-size-adjust: 100%;
  -moz-osx-font-smoothing: grayscale;
  -webkit-font-smoothing: antialiased;
}

<div
  className="c0"
>
  <span
    className="c1"
  />
  <span
    className="c2"
  />
  <span
    className="c3"
  />
  <span
    className="c4"
  />
  <span
    className="c5"
  />
  <span
    className="c6"
  />
  <span
    className="c7"
  />
  <span
    className="c8"
  />
  <span
    className="c9"
  />
  <span
    className="c10"
  />
</div>
`;

exports[`renders size 1`] = `
.c3 {
  font-size: 18px;
  line-height: 24px;
}

.c1 {
  font-size: 12px;
  line-height: 18px;
}

.c2 {
  font-size: 14px;
  line-height: 20px;
}

.c4 {
  font-size: 22px;
  line-height: 28px;
}

.c5 {
  font-size: 26px;
  line-height: 32px;
}

.c6 {
  font-size: 34px;
  line-height: 40px;
}

.c0 {
  font-size: 18px;
  line-height: 24px;
  box-sizing: border-box;
  -webkit-text-size-adjust: 100%;
  -ms-text-size-adjust: 100%;
  -moz-osx-font-smoothing: grayscale;
  -webkit-font-smoothing: antialiased;
}

<div
  className="c0"
>
  <span
    className="c1"
    size="xsmall"
  />
  <span
    className="c2"
    size="small"
  />
  <span
    className="c3"
    size="medium"
  />
  <span
    className="c4"
    size="large"
  />
  <span
    className="c5"
    size="xlarge"
  />
  <span
    className="c6"
    size="xxlarge"
  />
</div>
`;

exports[`renders tag 1`] = `
.c1 {
  font-size: 18px;
  line-height: 24px;
}

.c0 {
  font-size: 18px;
  line-height: 24px;
  box-sizing: border-box;
  -webkit-text-size-adjust: 100%;
  -ms-text-size-adjust: 100%;
  -moz-osx-font-smoothing: grayscale;
  -webkit-font-smoothing: antialiased;
}

<div
  className="c0"
>
  <div
    className="c1"
  />
</div>
`;

exports[`renders textAlign 1`] = `
.c1 {
  font-size: 18px;
  line-height: 24px;
  text-align: left;
}

.c2 {
  font-size: 18px;
  line-height: 24px;
  text-align: center;
}

.c3 {
  font-size: 18px;
  line-height: 24px;
  text-align: right;
}

.c0 {
  font-size: 18px;
  line-height: 24px;
  box-sizing: border-box;
  -webkit-text-size-adjust: 100%;
  -ms-text-size-adjust: 100%;
  -moz-osx-font-smoothing: grayscale;
  -webkit-font-smoothing: antialiased;
}

<div
  className="c0"
>
  <span
    className="c1"
  />
  <span
    className="c2"
  />
  <span
    className="c3"
  />
</div>
`;

exports[`renders truncate 1`] = `
.c1 {
  font-size: 18px;
  line-height: 24px;
}

.c2 {
  font-size: 18px;
  line-height: 24px;
  white-space: nowrap;
  overflow: hidden;
  text-overflow: ellipsis;
}

.c0 {
  font-size: 18px;
  line-height: 24px;
  box-sizing: border-box;
  -webkit-text-size-adjust: 100%;
  -ms-text-size-adjust: 100%;
  -moz-osx-font-smoothing: grayscale;
  -webkit-font-smoothing: antialiased;
}

<div
  className="c0"
>
  <span
    className="c1"
  >
    a b c d e f g h i j k l m n o p q r s t u v w x y z
  </span>
  <span
    className="c2"
  >
    a b c d e f g h i j k l m n o p q r s t u v w x y z
  </span>
</div>
`;

exports[`renders weight 1`] = `
.c1 {
  font-size: 18px;
  line-height: 24px;
  font-weight: normal;
}

.c2 {
  font-size: 18px;
  line-height: 24px;
  font-weight: bold;
}

.c0 {
  font-size: 18px;
  line-height: 24px;
  box-sizing: border-box;
  -webkit-text-size-adjust: 100%;
  -ms-text-size-adjust: 100%;
  -moz-osx-font-smoothing: grayscale;
  -webkit-font-smoothing: antialiased;
}

<div
  className="c0"
>
  <span
    className="c1"
  />
  <span
    className="c2"
  />
</div>
`;
